../Core/Src/play.c:32:9:AUDIO_StorageParse	88	static
../Core/Src/play.c:88:9:AUDIO_ShowWavFiles	8	static
../Core/Src/play.c:104:10:AUDIO_GetWavObjectNumber	4	static
../Core/Src/play.c:109:20:AUDIO_PLAYER_Init	8	static
../Core/Src/play.c:125:16:PlayerInit	16	static
../Core/Src/play.c:145:27:GetFileInfo	80	static
../Core/Src/play.c:165:20:AUDIO_PLAYER_Start	40	static
../Core/Src/play.c:222:20:playStart	24	static
../Core/Src/play.c:247:20:playProcess	64	static
../Core/Src/play.c:333:6:BSP_AUDIO_OUT_TransferComplete_CallBack	4	static
../Core/Src/play.c:338:6:BSP_AUDIO_OUT_HalfTransfer_CallBack	4	static
../Core/Src/play.c:343:20:playStop	8	static
